main.c:117:5:main	2848	static
main.c:882:6:SystemClock_Config	88	static
main.c:927:13:MX_ADC1_Init	24	static
main.c:977:13:MX_SPI3_Init	8	static
main.c:1015:13:MX_TIM3_Init	32	static
main.c:1060:13:MX_TIM11_Init	8	static
main.c:1091:13:MX_USART2_UART_Init	8	static
main.c:1122:13:MX_DMA_Init	16	static
main.c:1140:13:MX_GPIO_Init	48	static
main.c:1192:6:MCP4922SetOutput	24	static
main.c:1199:6:HAL_SPI_TxCpltCallback	16	static
main.c:1206:9:UARTRecieveIT	16	static
main.c:1218:6:HAL_TIM_PeriodElapsedCallback	24	static
main.c:1226:17:micros	12	static
main.c:1236:6:Error_Handler	4	static,ignoring_inline_asm
